[15:02:52] START 2 malls device=R54RB01SMVB cooldown=12s
[15:03:01] RUN 4910
[15:05:43] LIVE_COMPARE_JS_PROBE 2
[15:05:43] LIVE_COMPARE_BEGIN 4910 1 https://4910.kr/desktop/goods/44678113
[15:05:43] LIVE_COMPARE_RESULT {"mall":"4910","index":1,"url":"https://4910.kr/desktop/goods/44678113","elapsedMs":27422,"classification":"PRICE","engineName":"그루브스텝 [2PACK] 1+1 랩스타미니 라운드 반팔 티셔츠 S0217 - 4910 | 사고 싶은 스타일의 발견","engineBrand":null,"enginePrice":null,"engineImage":"https://d3ha2047wt6x28.cloudfront.net/FA45r5mdpZY/pr:GOODS_DETAIL/czM6Ly9hYmx5LWltYWdlLWxlZ2FjeS9kYXRhL2dvb2RzLzIwMjYwNTIyXzE3Nzk0NTI1Mjg0MTgwOTdtLnBuZw","liveName":"그루브스텝 [2PACK] 1+1 랩스타미니 라운드 반팔 티셔츠 S0217 - 4910 | 사고 싶은 스타일의 발견","livePrice":1000,"liveImage":"https://d3ha2047wt6x28.cloudfront.net/FA45r5mdpZY/pr:GOODS_DETAIL/czM6Ly9hYmx5LWltYWdlLWxlZ2FjeS9kYXRhL2dvb2RzLzIwMjYwNTIyXzE3Nzk0NTI1Mjg0MTgwOTdtLnBuZw","nameMatch":true,"priceMatch":false,"imageMatch":true,"failureReason":"price_ambiguous","finalUrl":"https://4910.kr/desktop/goods/44678113"}
[15:05:43] LIVE_COMPARE_BEGIN 4910 2 https://4910.kr/desktop/goods/71195041
[15:05:43] LIVE_COMPARE_RESULT {"mall":"4910","index":2,"url":"https://4910.kr/desktop/goods/71195041","elapsedMs":27228,"classification":"PRICE","engineName":"모즈모즈 [단독1+1] 무지 배색 롤업 반팔티셔츠 - 4910 | 사고 싶은 스타일의 발견","engineBrand":null,"enginePrice":null,"engineImage":"https://d3ha2047wt6x28.cloudfront.net/YL2tLW-EPb0/pr:GOODS_DETAIL/czM6Ly9hYmx5LWltYWdlLWxlZ2FjeS9kYXRhL2dvb2RzLzIwMjYwNjE4XzE3ODE3NjU3OTQ1MzAyMDJtLmpwZw","liveName":"모즈모즈 [단독1+1] 무지 배색 롤업 반팔티셔츠 - 4910 | 사고 싶은 스타일의 발견","livePrice":1690,"liveImage":"https://d3ha2047wt6x28.cloudfront.net/YL2tLW-EPb0/pr:GOODS_DETAIL/czM6Ly9hYmx5LWltYWdlLWxlZ2FjeS9kYXRhL2dvb2RzLzIwMjYwNjE4XzE3ODE3NjU3OTQ1MzAyMDJtLmpwZw","nameMatch":true,"priceMatch":false,"imageMatch":true,"failureReason":"price_ambiguous","finalUrl":"https://4910.kr/desktop/goods/71195041"}
[15:05:43] LIVE_COMPARE_BEGIN 4910 3 https://4910.kr/desktop/goods/3954236
[15:05:43] LIVE_COMPARE_RESULT {"mall":"4910","index":3,"url":"https://4910.kr/desktop/goods/3954236","elapsedMs":27429,"classification":"PRICE","engineName":"플루크 캠퍼밴 투어 피그먼트 반팔티셔츠 FST710 / 4color W - 4910 | 사고 싶은 스타일의 발견","engineBrand":null,"enginePrice":null,"engineImage":"https://d3ha2047wt6x28.cloudfront.net/z6T_-U60HFk/pr:GOODS_DETAIL/czM6Ly9hYmx5LWltYWdlLWxlZ2FjeS9kYXRhL2dvb2RzLzIwMjMwODA5XzE2OTE1NjQwMDAwMzI1MTZtLmpwZw","liveName":"플루크 캠퍼밴 투어 피그먼트 반팔티셔츠 FST710 / 4color W - 4910 | 사고 싶은 스타일의 발견","livePrice":1000,"liveImage":"https://d3ha2047wt6x28.cloudfront.net/z6T_-U60HFk/pr:GOODS_DETAIL/czM6Ly9hYmx5LWltYWdlLWxlZ2FjeS9kYXRhL2dvb2RzLzIwMjMwODA5XzE2OTE1NjQwMDAwMzI1MTZtLmpwZw","nameMatch":true,"priceMatch":false,"imageMatch":true,"failureReason":"price_ambiguous","finalUrl":"https://4910.kr/desktop/goods/3954236"}
[15:05:43] EXIT 0 4910 probe=True results=True
[15:05:43] COOLDOWN 12s before next mall
[15:06:05] RUN SSF샵
[15:07:42] LIVE_COMPARE_JS_PROBE 2
[15:07:42] LIVE_COMPARE_BEGIN SSF샵 1 https://www.ssfshop.com/GOOD-ON/GPCX21040888339/good
[15:07:42] LIVE_COMPARE_RESULT {"mall":"SSF샵","index":1,"url":"https://www.ssfshop.com/GOOD-ON/GPCX21040888339/good","elapsedMs":16013,"classification":"MATCH","engineName":"굿온 피그먼트 다잉 베이스볼 티셔츠 - 네츄럴","engineBrand":"GOOD ON","enginePrice":63360,"engineImage":"https://img.ssfshop.com/cmd/LB_750x1000/src/https://img.ssfshop.com/goods/ORBR/21/04/08/GPCX21040888339_0_THNAIL_ORGINL_20240503185548877.jpg","liveName":"굿온 피그먼트 다잉 베이스볼 티셔츠 - 네츄럴","livePrice":63360,"liveImage":"https://img.ssfshop.com/cmd/LB_750x1000/src/https://img.ssfshop.com/goods/ORBR/21/04/08/GPCX21040888339_0_THNAIL_ORGINL_20240503185548877.jpg","nameMatch":true,"priceMatch":true,"imageMatch":true,"failureReason":null,"finalUrl":"https://www.ssfshop.com/GOOD-ON/GPCX21040888339/good"}
[15:07:42] LIVE_COMPARE_BEGIN SSF샵 2 https://www.ssfshop.com/GOOD-ON/GPCX21031513266/good
[15:07:42] LIVE_COMPARE_RESULT {"mall":"SSF샵","index":2,"url":"https://www.ssfshop.com/GOOD-ON/GPCX21031513266/good","elapsedMs":16045,"classification":"MATCH","engineName":"굿온 피그먼트 다잉 베이스볼 티셔츠 - 바나나","engineBrand":"GOOD ON","enginePrice":63360,"engineImage":"https://img.ssfshop.com/cmd/LB_750x1000/src/https://img.ssfshop.com/goods/ORBR/21/03/15/GPCX21031513266_0_ORGINL_20220708125043755.jpg","liveName":"굿온 피그먼트 다잉 베이스볼 티셔츠 - 바나나","livePrice":63360,"liveImage":"https://img.ssfshop.com/cmd/LB_750x1000/src/https://img.ssfshop.com/goods/ORBR/21/03/15/GPCX21031513266_0_ORGINL_20220708125043755.jpg","nameMatch":true,"priceMatch":true,"imageMatch":true,"failureReason":null,"finalUrl":"https://www.ssfshop.com/GOOD-ON/GPCX21031513266/good"}
[15:07:42] LIVE_COMPARE_BEGIN SSF샵 3 https://www.ssfshop.com/GOOD-ON/GPCX22072270530/good
[15:07:42] LIVE_COMPARE_RESULT {"mall":"SSF샵","index":3,"url":"https://www.ssfshop.com/GOOD-ON/GPCX22072270530/good","elapsedMs":16158,"classification":"MATCH","engineName":"굿온 피그먼트 다잉 베이스볼 티셔츠 - 세이지","engineBrand":"GOOD ON","enginePrice":63360,"engineImage":"https://img.ssfshop.com/cmd/LB_750x1000/src/https://img.ssfshop.com/goods/ORBR/22/07/22/GPCX22072270530_0_ORGINL_20230428144836311.jpg","liveName":"굿온 피그먼트 다잉 베이스볼 티셔츠 - 세이지","livePrice":63360,"liveImage":"https://img.ssfshop.com/cmd/LB_750x1000/src/https://img.ssfshop.com/goods/ORBR/22/07/22/GPCX22072270530_0_ORGINL_20230428144836311.jpg","nameMatch":true,"priceMatch":true,"imageMatch":true,"failureReason":null,"finalUrl":"https://www.ssfshop.com/GOOD-ON/GPCX22072270530/good"}
[15:07:42] EXIT 0 SSF샵 probe=True results=True
[15:07:42] DONE failed=[]
