[21:13:23] START 11 malls device=R54RB01SMVB cooldown=12s
[21:13:26] RUN 무신사
[21:15:45] LIVE_COMPARE_JS_PROBE 2
[21:15:45] LIVE_COMPARE_BEGIN 무신사 1 https://www.musinsa.com/products/4341120
[21:15:45] LIVE_COMPARE_RESULT {"mall":"무신사","index":1,"url":"https://www.musinsa.com/products/4341120","elapsedMs":2395,"classification":"MATCH","engineName":"클래식 반소매 티셔츠 - 블랙 / 801474YB2FT1000","engineBrand":"생로랑","enginePrice":105990,"engineImage":"https://image.msscdn.net/images/goods_img/20240819/4341120/4341120_17254134643550_500.jpg","liveName":"클래식 반소매 티셔츠 - 블랙 / 801474YB2FT1000","livePrice":105990,"liveImage":"https://image.msscdn.net/images/goods_img/20240819/4341120/4341120_17254134643550_500.jpg","nameMatch":true,"priceMatch":true,"imageMatch":true,"failureReason":null,"finalUrl":"https://www.musinsa.com/products/4341120"}
[21:15:45] LIVE_COMPARE_BEGIN 무신사 2 https://www.musinsa.com/products/6797005
[21:15:45] LIVE_COMPARE_RESULT {"mall":"무신사","index":2,"url":"https://www.musinsa.com/products/6797005","elapsedMs":1958,"classification":"PRICE","engineName":"Days Comfort Fit Shirt_White","engineBrand":"108파운드","enginePrice":80100,"engineImage":"https://image.msscdn.net/images/goods_img/20260707/6797005/6797005_17852305721496_500.jpg","liveName":"Days Comfort Fit Shirt_White","livePrice":84550,"liveImage":"https://image.msscdn.net/images/goods_img/20260707/6797005/6797005_17852305721496_500.jpg","nameMatch":true,"priceMatch":false,"imageMatch":true,"failureReason":null,"finalUrl":"https://www.musinsa.com/products/6797005"}
[21:15:45] LIVE_COMPARE_BEGIN 무신사 3 https://www.musinsa.com/products/6677115
[21:15:45] LIVE_COMPARE_RESULT {"mall":"무신사","index":3,"url":"https://www.musinsa.com/products/6677115","elapsedMs":1514,"classification":"PRICE","engineName":"소프트 헨리넥 반팔 티셔츠 [브라운]","engineBrand":"르아르","enginePrice":20400,"engineImage":"https://image.msscdn.net/images/goods_img/20260616/6677115/6677115_17852914703616_500.jpg","liveName":"소프트 헨리넥 반팔 티셔츠 [브라운]","livePrice":24900,"liveImage":"https://image.msscdn.net/images/goods_img/20260616/6677115/6677115_17852914703616_500.jpg","nameMatch":true,"priceMatch":false,"imageMatch":true,"failureReason":null,"finalUrl":"https://www.musinsa.com/products/6677115"}
[21:15:45] EXIT 0 무신사 probe=True results=True
[21:15:45] COOLDOWN 12s before next mall
[21:15:59] RUN 지그재그
[21:16:59] LIVE_COMPARE_JS_PROBE 2
[21:16:59] LIVE_COMPARE_BEGIN 지그재그 1 https://zigzag.kr/catalog/products/159126270
[21:16:59] LIVE_COMPARE_RESULT {"mall":"지그재그","index":1,"url":"https://zigzag.kr/catalog/products/159126270","elapsedMs":3263,"classification":"NAME_PRICE_IMAGE","engineName":"모어렌 [MADE] 로브닝 레이스 브이넥 슬리브리스","engineBrand":"모어렌","enginePrice":17500,"engineImage":"https://cf.product-image.s.zigzag.kr/original/c/15/912/627/159126270-2264955569924090591.jpeg?width=720&height=720&quality=80&format=jpeg","liveName":"[MADE] [4만장/컬러추가] 캡내장 로브닝 레이스 슬리브리스","livePrice":17000,"liveImage":"https://cf.product-image.s.zigzag.kr/original/c/15/912/627/159126270-7158693702236622361.jpeg","nameMatch":false,"priceMatch":false,"imageMatch":false,"failureReason":null,"finalUrl":"https://zigzag.kr/catalog/products/159126270"}
[21:16:59] LIVE_COMPARE_BEGIN 지그재그 2 https://zigzag.kr/catalog/products/168362278
[21:16:59] LIVE_COMPARE_RESULT {"mall":"지그재그","index":2,"url":"https://zigzag.kr/catalog/products/168362278","elapsedMs":3037,"classification":"MATCH","engineName":"화이트랩스 화이트랩스 치아미백기 LED 셀프 자가 치아미백기계 &amp; 치아미백젤 세트 (1인용)","engineBrand":"화이트랩스","enginePrice":179000,"engineImage":"https://cf.product-image.s.zigzag.kr/original/d/2026/2/3/59382_202602031710060884_61349.jpeg?width=720&height=720&quality=80&format=jpeg","liveName":"화이트랩스 치아미백기 LED 셀프 자가 치아미백기계 &amp; 치아미백젤 세트 (1인용)","livePrice":179000,"liveImage":"https://cf.product-image.s.zigzag.kr/original/d/2026/2/3/59382_202602031710060884_61349.jpeg","nameMatch":true,"priceMatch":true,"imageMatch":true,"failureReason":null,"finalUrl":"https://zigzag.kr/catalog/products/168362278"}
[21:16:59] LIVE_COMPARE_BEGIN 지그재그 3 https://zigzag.kr/catalog/products/161980550
[21:16:59] LIVE_COMPARE_RESULT {"mall":"지그재그","index":3,"url":"https://zigzag.kr/catalog/products/161980550","elapsedMs":1982,"classification":"NAME_PRICE","engineName":"뷰티크 💓뷰티위크 특가💓 [조말론] 블랙베리 앤 베이 코롱 100ml (블랙베리향) (+선물포장)","engineBrand":"뷰티크","enginePrice":191290,"engineImage":"https://cf.product-image.s.zigzag.kr/original/d/2026/7/16/40976_202607161436522871_71643.jpeg?width=720&height=720&quality=80&format=jpeg","liveName":"🌹뷰티페스타 특가🌹 [조말론] 블랙베리 앤 베이 코롱 100ml (블랙베리향) (+선물포장)","livePrice":185580,"liveImage":"https://cf.product-image.s.zigzag.kr/original/d/2026/7/16/40976_202607161436522871_71643.jpeg","nameMatch":false,"priceMatch":false,"imageMatch":true,"failureReason":null,"finalUrl":"https://zigzag.kr/catalog/products/161980550"}
[21:16:59] EXIT 0 지그재그 probe=True results=True
[21:16:59] COOLDOWN 12s before next mall
[21:17:13] RUN 에이블리
[21:19:26] LIVE_COMPARE_JS_PROBE 2
[21:19:26] LIVE_COMPARE_BEGIN 에이블리 1 https://mobile.a-bly.com/goods/75432976
[21:19:26] LIVE_COMPARE_RESULT {"mall":"에이블리","index":1,"url":"https://mobile.a-bly.com/goods/75432976","elapsedMs":29451,"classification":"PRICE","engineName":"[하이넥/간절기필수🍂] 톤텔 루즈 사선 지퍼 후드집업 - 에이블리","engineBrand":null,"enginePrice":null,"engineImage":"https://imgb.a-bly.com/data/goods/7b7beef563b76b4fa88149111c73b23f.gif","liveName":"[하이넥/간절기필수🍂] 톤텔 루즈 사선 지퍼 후드집업","livePrice":26500,"liveImage":"https://imgb.a-bly.com/data/goods/7b7beef563b76b4fa88149111c73b23f.gif","nameMatch":true,"priceMatch":false,"imageMatch":true,"failureReason":"price_ambiguous","finalUrl":"https://mobile.a-bly.com/goods/75432976"}
[21:19:26] LIVE_COMPARE_BEGIN 에이블리 2 https://mobile.a-bly.com/goods/75506878
[21:19:26] LIVE_COMPARE_RESULT {"mall":"에이블리","index":2,"url":"https://mobile.a-bly.com/goods/75506878","elapsedMs":28613,"classification":"PRICE","engineName":"[여리코어🪡] made 소피 여리 펀칭 니트 - 4color - 에이블리","engineBrand":null,"enginePrice":null,"engineImage":"https://imgb.a-bly.com/data/goods/1ae2f183f57bb3474c726cf53f09e5e0.gif","liveName":"[여리코어🪡] made 소피 여리 펀칭 니트 - 4color","livePrice":23270,"liveImage":"https://imgb.a-bly.com/data/goods/1ae2f183f57bb3474c726cf53f09e5e0.gif","nameMatch":true,"priceMatch":false,"imageMatch":true,"failureReason":"price_ambiguous","finalUrl":"https://mobile.a-bly.com/goods/75506878"}
[21:19:26] LIVE_COMPARE_BEGIN 에이블리 3 https://mobile.a-bly.com/goods/28244036
[21:19:26] LIVE_COMPARE_RESULT {"mall":"에이블리","index":3,"url":"https://mobile.a-bly.com/goods/28244036","elapsedMs":28596,"classification":"PRICE_IMAGE","engineName":"🏆1위🏆 스킨 레이어 핏 파운데이션 - 에이블리","engineBrand":null,"enginePrice":null,"engineImage":"https://imgb.a-bly.com/data/goods/25557256cc908c7eb4887da1cef5cc5e.gif","liveName":"🏆1위🏆 스킨 레이어 핏 파운데이션","livePrice":20000,"liveImage":"https://imgb.a-bly.com/data/goods/f7995d70c943e5ca270f9f07ca8d10e2.gif","nameMatch":true,"priceMatch":false,"imageMatch":false,"failureReason":"price_ambiguous","finalUrl":"https://mobile.a-bly.com/goods/28244036"}
[21:19:26] EXIT 0 에이블리 probe=True results=True
[21:19:26] COOLDOWN 12s before next mall
[21:19:40] RUN 퀸잇
[21:20:34] LIVE_COMPARE_JS_PROBE 2
[21:20:34] LIVE_COMPARE_BEGIN 퀸잇 1 https://web.queenit.kr/product/421b849e05731238976b9f01d96c7e31
[21:20:34] LIVE_COMPARE_RESULT {"mall":"퀸잇","index":1,"url":"https://web.queenit.kr/product/421b849e05731238976b9f01d96c7e31","elapsedMs":2591,"classification":"PRICE","engineName":"[M,L 사이즈/벨트세트]반팔 데님 원피스(하객룩, 하객원피스)","engineBrand":"질리오띠","enginePrice":29900,"engineImage":"https://image.queenit.kr/product/asset/v1/upload/04120430d08047c38524a66065b43ca2.jpg","liveName":"[M,L 사이즈/벨트세트]반팔 데님 원피스(하객룩, 하객원피스)","livePrice":32900,"liveImage":"https://image.queenit.kr/product/asset/v1/upload/04120430d08047c38524a66065b43ca2.jpg","nameMatch":true,"priceMatch":false,"imageMatch":true,"failureReason":null,"finalUrl":"https://web.queenit.kr/product/421b849e05731238976b9f01d96c7e31"}
[21:20:34] LIVE_COMPARE_BEGIN 퀸잇 2 https://web.queenit.kr/product/360e9e7089a6346d2e9b5de2b2d8e121
[21:20:34] LIVE_COMPARE_RESULT {"mall":"퀸잇","index":2,"url":"https://web.queenit.kr/product/360e9e7089a6346d2e9b5de2b2d8e121","elapsedMs":1735,"classification":"MATCH","engineName":"[비버리힐스폴로클럽]여성 케이블 라운드 니트 폴로 가디건 TK001 _A","engineBrand":"비버리힐즈 폴로클럽","enginePrice":33900,"engineImage":"https://imgs.kshop.co.kr/d2/emc/goods/openmarket/queenit/5250535/5250535_20250421165441.png","liveName":"[비버리힐스폴로클럽]여성 케이블 라운드 니트 폴로 가디건 TK001 _A","livePrice":33900,"liveImage":"https://imgs.kshop.co.kr/d2/emc/goods/openmarket/queenit/5250535/5250535_20250421165441.png","nameMatch":true,"priceMatch":true,"imageMatch":true,"failureReason":null,"finalUrl":"https://web.queenit.kr/product/360e9e7089a6346d2e9b5de2b2d8e121"}
[21:20:34] LIVE_COMPARE_BEGIN 퀸잇 3 https://web.queenit.kr/product/b52c66c75291c8ef4d9f136282cac90c
[21:20:34] LIVE_COMPARE_RESULT {"mall":"퀸잇","index":3,"url":"https://web.queenit.kr/product/b52c66c75291c8ef4d9f136282cac90c","elapsedMs":1516,"classification":"MATCH","engineName":"모에나 레이어 가디건","engineBrand":"미아마스빈","enginePrice":35900,"engineImage":"https://irisccc.cafe24.com/web/upload/NNEditor/20260316/8f6ebe26042b013dbd95d700f5d3abfe.jpg","liveName":"모에나 레이어 가디건","livePrice":35900,"liveImage":"https://irisccc.cafe24.com/web/upload/NNEditor/20260316/8f6ebe26042b013dbd95d700f5d3abfe.jpg","nameMatch":true,"priceMatch":true,"imageMatch":true,"failureReason":null,"finalUrl":"https://web.queenit.kr/product/b52c66c75291c8ef4d9f136282cac90c"}
[21:20:34] EXIT 0 퀸잇 probe=True results=True
[21:20:34] COOLDOWN 12s before next mall
[21:20:49] RUN 29CM
[21:21:41] LIVE_COMPARE_JS_PROBE 2
[21:21:41] LIVE_COMPARE_BEGIN 29CM 1 https://www.29cm.co.kr/products/3769341
[21:21:41] LIVE_COMPARE_RESULT {"mall":"29CM","index":1,"url":"https://www.29cm.co.kr/products/3769341","elapsedMs":2133,"classification":"PRICE_IMAGE","engineName":"[꼬민지PICK/29CM 단독] SIOT4182 하이 넥 버튼 블루종_Navy","engineBrand":"시야쥬","enginePrice":163660,"engineImage":"https://img.29cm.co.kr/item/202602/11f10e4064ca6ebca3c031a646d4f5cd.jpg?width=1200&format=webp","liveName":"[꼬민지PICK/29CM 단독] SIOT4182 하이 넥 버튼 블루종_Navy","livePrice":141950,"liveImage":"https://img.29cm.co.kr/item/202608/11f199d6377ee51285e175537dd844cc.jpg","nameMatch":true,"priceMatch":false,"imageMatch":false,"failureReason":null,"finalUrl":"https://www.29cm.co.kr/products/3769341"}
[21:21:41] LIVE_COMPARE_BEGIN 29CM 2 https://www.29cm.co.kr/products/3423314
[21:21:41] LIVE_COMPARE_RESULT {"mall":"29CM","index":2,"url":"https://www.29cm.co.kr/products/3423314","elapsedMs":1507,"classification":"PRICE","engineName":"[Atelier Edition] W/Two Way Vegan Leather Jacket_2COLOR(WC25-OT09)","engineBrand":"웬즈데이오아시스","enginePrice":191670,"engineImage":"https://img.29cm.co.kr/item/202509/11f093803023ba4494a2b7e59c753ef1.jpg?width=1200&format=webp","liveName":"[Atelier Edition] W/Two Way Vegan Leather Jacket_2COLOR(WC25-OT09)","livePrice":117260,"liveImage":"https://img.29cm.co.kr/item/202509/11f093803023ba4494a2b7e59c753ef1.jpg","nameMatch":true,"priceMatch":false,"imageMatch":true,"failureReason":null,"finalUrl":"https://www.29cm.co.kr/products/3423314"}
[21:21:41] LIVE_COMPARE_BEGIN 29CM 3 https://www.29cm.co.kr/products/3765311
[21:21:41] LIVE_COMPARE_RESULT {"mall":"29CM","index":3,"url":"https://www.29cm.co.kr/products/3765311","elapsedMs":1952,"classification":"NAME_PRICE","engineName":"[10월 02일 예약발송][꼬민지 PICK][14th] faux leather half coat_black","engineBrand":"아르카익","enginePrice":175200,"engineImage":"https://img.29cm.co.kr/item/202608/11f199cc75fcdd8885e1f77211683ab4.jpg?width=1200&format=webp","liveName":"[꼬민지 PICK][10th] faux leather half coat_black","livePrice":197100,"liveImage":"https://img.29cm.co.kr/item/202608/11f199cc75fcdd8885e1f77211683ab4.jpg","nameMatch":false,"priceMatch":false,"imageMatch":true,"failureReason":null,"finalUrl":"https://www.29cm.co.kr/products/3765311"}
[21:21:41] EXIT 0 29CM probe=True results=True
[21:21:41] COOLDOWN 12s before next mall
[21:21:56] RUN KREAM
[21:23:29] LIVE_COMPARE_JS_PROBE 2
[21:23:29] LIVE_COMPARE_BEGIN KREAM 1 https://kream.co.kr/products/1012767
[21:23:29] LIVE_COMPARE_RESULT {"mall":"KREAM","index":1,"url":"https://kream.co.kr/products/1012767","elapsedMs":15627,"classification":"MATCH","engineName":"[KREAM 단독] Thevinylhouse x Bocchi the Rock! Kessoku Star Layered Ls Tee Black","engineBrand":"Thevinylhouse","enginePrice":75000,"engineImage":"https://kream-phinf.pstatic.net/MjAyNjA3MjFfMTg4/MDAxNzg0NjI1NjU1NjM1.2BI9VXVbcdapWUmRh0WlEwr_hv_5W7N9xFYqHb05Pycg.GPpdMDscTfgzG9PM3uOktT3yV5TjyOibgMklxlCgfnsg.PNG/p_d155324f3a38439dbbfd707b2d447f5f.png","liveName":"[KREAM 단독] Thevinylhouse x Bocchi the Rock! Kessoku Star Layered Ls Tee Black","livePrice":75000,"liveImage":"https://kream-phinf.pstatic.net/MjAyNjA3MjFfMTg4/MDAxNzg0NjI1NjU1NjM1.2BI9VXVbcdapWUmRh0WlEwr_hv_5W7N9xFYqHb05Pycg.GPpdMDscTfgzG9PM3uOktT3yV5TjyOibgMklxlCgfnsg.PNG/p_d155324f3a38439dbbfd707b2d447f5f.png","nameMatch":true,"priceMatch":true,"imageMatch":true,"failureReason":null,"finalUrl":"https://kream.co.kr/products/1012767"}
[21:23:29] LIVE_COMPARE_BEGIN KREAM 2 https://kream.co.kr/products/1012757
[21:23:29] LIVE_COMPARE_RESULT {"mall":"KREAM","index":2,"url":"https://kream.co.kr/products/1012757","elapsedMs":15599,"classification":"MATCH","engineName":"[KREAM 단독] Thevinylhouse x Bocchi the Rock! Kessoku Acrylic Key Ring Pink","engineBrand":"Thevinylhouse","enginePrice":19000,"engineImage":"https://kream-phinf.pstatic.net/MjAyNjA3MjFfOTUg/MDAxNzg0NjE1NTMwMjk2.BAmLftkmc4G7A3xzGvewt3OmPuR_sRzpIjmUn7hExxYg.8IxWY5b80ELy9K0tNXYS15aisYfYNbEuPg5k6ibXFQAg.PNG/p_b2b51d61d9264fc68948da832b0c0906.png","liveName":"[KREAM 단독] Thevinylhouse x Bocchi the Rock! Kessoku Acrylic Key Ring Pink","livePrice":19000,"liveImage":"https://kream-phinf.pstatic.net/MjAyNjA3MjFfOTUg/MDAxNzg0NjE1NTMwMjk2.BAmLftkmc4G7A3xzGvewt3OmPuR_sRzpIjmUn7hExxYg.8IxWY5b80ELy9K0tNXYS15aisYfYNbEuPg5k6ibXFQAg.PNG/p_b2b51d61d9264fc68948da832b0c0906.png","nameMatch":true,"priceMatch":true,"imageMatch":true,"failureReason":null,"finalUrl":"https://kream.co.kr/products/1012757"}
[21:23:29] LIVE_COMPARE_BEGIN KREAM 3 https://kream.co.kr/products/1012784
[21:23:29] LIVE_COMPARE_RESULT {"mall":"KREAM","index":3,"url":"https://kream.co.kr/products/1012784","elapsedMs":15594,"classification":"MATCH","engineName":"[KREAM 단독] Thevinylhouse x Bocchi the Rock! Kessoku Friends Tee Black","engineBrand":"Thevinylhouse","enginePrice":59000,"engineImage":"https://kream-phinf.pstatic.net/MjAyNjA3MjFfMjI3/MDAxNzg0NjE3ODY4Mzg1.UDEeWJY1fUchthKDAaTpRFlDedLp0QZPloakINgb3oAg.XJv6aiPlKmv1s-z6TL5OOoBvQpD_URRpaU45gZYk0mYg.PNG/p_aef519f6b61f43fabb7eda41dac1a1bd.png","liveName":"[KREAM 단독] Thevinylhouse x Bocchi the Rock! Kessoku Friends Tee Black","livePrice":59000,"liveImage":"https://kream-phinf.pstatic.net/MjAyNjA3MjFfMjI3/MDAxNzg0NjE3ODY4Mzg1.UDEeWJY1fUchthKDAaTpRFlDedLp0QZPloakINgb3oAg.XJv6aiPlKmv1s-z6TL5OOoBvQpD_URRpaU45gZYk0mYg.PNG/p_aef519f6b61f43fabb7eda41dac1a1bd.png","nameMatch":true,"priceMatch":true,"imageMatch":true,"failureReason":null,"finalUrl":"https://kream.co.kr/products/1012784"}
[21:23:29] EXIT 0 KREAM probe=True results=True
[21:23:29] COOLDOWN 12s before next mall
[21:23:43] RUN 유니클로
[21:24:25] LIVE_COMPARE_JS_PROBE 2
[21:24:25] LIVE_COMPARE_BEGIN 유니클로 1 https://www.uniqlo.com/kr/ko/products/E488796-000/00?colorDisplayCode=00&sizeDisplayCode=005
[21:24:25] LIVE_COMPARE_RESULT {"mall":"유니클로","index":1,"url":"https://www.uniqlo.com/kr/ko/products/E488796-000/00?colorDisplayCode=00&sizeDisplayCode=005","elapsedMs":1511,"classification":"NAME_PRICE_IMAGE","engineName":"Access Denied","engineBrand":null,"enginePrice":null,"engineImage":null,"liveName":"옥스포드오버사이즈셔츠","livePrice":49900,"liveImage":"https://image.uniqlo.com/UQ/ST3/kr/imagesgoods/488796/sub/krgoods_488796_sub14_3x4.jpg","nameMatch":false,"priceMatch":false,"imageMatch":false,"failureReason":"access_blocked","finalUrl":"https://www.uniqlo.com/kr/ko/products/E488796-000/00?colorDisplayCode=00&sizeDisplayCode=005"}
[21:24:25] LIVE_COMPARE_BEGIN 유니클로 2 https://www.uniqlo.com/kr/ko/products/E488798-000/00?colorDisplayCode=32&sizeDisplayCode=005
[21:24:25] LIVE_COMPARE_RESULT {"mall":"유니클로","index":2,"url":"https://www.uniqlo.com/kr/ko/products/E488798-000/00?colorDisplayCode=32&sizeDisplayCode=005","elapsedMs":1095,"classification":"NAME_PRICE_IMAGE","engineName":"Access Denied","engineBrand":null,"enginePrice":null,"engineImage":null,"liveName":"옥스포드오버사이즈셔츠(스트라이프)B","livePrice":49900,"liveImage":"https://image.uniqlo.com/UQ/ST3/kr/imagesgoods/488798/sub/krgoods_488798_sub3_3x4.jpg","nameMatch":false,"priceMatch":false,"imageMatch":false,"failureReason":"access_blocked","finalUrl":"https://www.uniqlo.com/kr/ko/products/E488798-000/00?colorDisplayCode=32&sizeDisplayCode=005"}
[21:24:25] LIVE_COMPARE_BEGIN 유니클로 3 https://www.uniqlo.com/kr/ko/products/E488797-000/00?colorDisplayCode=54&sizeDisplayCode=005
[21:24:25] LIVE_COMPARE_RESULT {"mall":"유니클로","index":3,"url":"https://www.uniqlo.com/kr/ko/products/E488797-000/00?colorDisplayCode=54&sizeDisplayCode=005","elapsedMs":1097,"classification":"NAME_PRICE_IMAGE","engineName":"Access Denied","engineBrand":null,"enginePrice":null,"engineImage":null,"liveName":"옥스포드오버사이즈셔츠(스트라이프)A","livePrice":49900,"liveImage":"https://image.uniqlo.com/UQ/ST3/kr/imagesgoods/488797/sub/krgoods_488797_sub3_3x4.jpg","nameMatch":false,"priceMatch":false,"imageMatch":false,"failureReason":"access_blocked","finalUrl":"https://www.uniqlo.com/kr/ko/products/E488797-000/00?colorDisplayCode=54&sizeDisplayCode=005"}
[21:24:25] EXIT 0 유니클로 probe=True results=True
[21:24:25] COOLDOWN 12s before next mall
[21:24:40] RUN W컨셉
[21:25:31] LIVE_COMPARE_JS_PROBE 2
[21:25:31] LIVE_COMPARE_BEGIN W컨셉 1 https://www.wconcept.co.kr/Product/308678703
[21:25:31] LIVE_COMPARE_RESULT {"mall":"W컨셉","index":1,"url":"https://www.wconcept.co.kr/Product/308678703","elapsedMs":5173,"classification":"MATCH","engineName":"멀티 유즈 슬리브리스 탑 브라운 OU2006","engineBrand":null,"enginePrice":39000,"engineImage":"https://product-image.wconcept.co.kr/productimg/image/img2/03/308678703_UI25679.jpg","liveName":"멀티 유즈 슬리브리스 탑 브라운 OU2006","livePrice":39000,"liveImage":"https://product-image.wconcept.co.kr/productimg/image/img9/03/308678703_UI25679.jpg","nameMatch":true,"priceMatch":true,"imageMatch":true,"failureReason":null,"finalUrl":"https://www.wconcept.co.kr/Product/308678703"}
[21:25:31] LIVE_COMPARE_BEGIN W컨셉 2 https://www.wconcept.co.kr/Product/308589275
[21:25:31] LIVE_COMPARE_RESULT {"mall":"W컨셉","index":2,"url":"https://www.wconcept.co.kr/Product/308589275","elapsedMs":3678,"classification":"MATCH","engineName":"Soft Drape T-shirt_3Color","engineBrand":null,"enginePrice":88000,"engineImage":"https://product-image.wconcept.co.kr/productimg/image/img2/75/308589275_EP72624.jpg","liveName":"Soft Drape T-shirt_3Color","livePrice":88000,"liveImage":"https://product-image.wconcept.co.kr/productimg/image/img9/75/308589275_EP72624.jpg","nameMatch":true,"priceMatch":true,"imageMatch":true,"failureReason":null,"finalUrl":"https://www.wconcept.co.kr/Product/308589275"}
[21:25:31] LIVE_COMPARE_BEGIN W컨셉 3 https://www.wconcept.co.kr/Product/308629259
[21:25:31] LIVE_COMPARE_RESULT {"mall":"W컨셉","index":3,"url":"https://www.wconcept.co.kr/Product/308629259","elapsedMs":3680,"classification":"MATCH","engineName":"[단독][SET] Wrap Detail T-Shirt & V-Neck Sleeveless Top","engineBrand":null,"enginePrice":86700,"engineImage":"https://product-image.wconcept.co.kr/productimg/image/img2/59/308629259_VW44687.jpg","liveName":"[단독][SET] Wrap Detail T-Shirt & V-Neck Sleeveless Top","livePrice":86700,"liveImage":"https://product-image.wconcept.co.kr/productimg/image/img9/59/308629259_VW44687.jpg","nameMatch":true,"priceMatch":true,"imageMatch":true,"failureReason":null,"finalUrl":"https://www.wconcept.co.kr/Product/308629259"}
[21:25:31] EXIT 0 W컨셉 probe=True results=True
[21:25:31] COOLDOWN 12s before next mall
[21:25:46] RUN 4910
[21:26:32] LIVE_COMPARE_JS_PROBE 2
[21:26:32] LIVE_COMPARE_BEGIN 4910 1 https://4910.kr/goods/44678113
[21:26:32] LIVE_COMPARE_RESULT {"mall":"4910","index":1,"url":"https://4910.kr/goods/44678113","elapsedMs":2365,"classification":"MATCH","engineName":"그루브스텝 [2PACK] 1+1 랩스타미니 라운드 반팔 티셔츠 S0217 - 4910 | 사고 싶은 스타일의 발견","engineBrand":null,"enginePrice":34800,"engineImage":"https://d3ha2047wt6x28.cloudfront.net/FA45r5mdpZY/pr:GOODS_DETAIL/czM6Ly9hYmx5LWltYWdlLWxlZ2FjeS9kYXRhL2dvb2RzLzIwMjYwNTIyXzE3Nzk0NTI1Mjg0MTgwOTdtLnBuZw","liveName":"그루브스텝 [2PACK] 1+1 랩스타미니 라운드 반팔 티셔츠 S0217 - 4910 | 사고 싶은 스타일의 발견","livePrice":34800,"liveImage":"https://d3ha2047wt6x28.cloudfront.net/FA45r5mdpZY/pr:GOODS_DETAIL/czM6Ly9hYmx5LWltYWdlLWxlZ2FjeS9kYXRhL2dvb2RzLzIwMjYwNTIyXzE3Nzk0NTI1Mjg0MTgwOTdtLnBuZw","nameMatch":true,"priceMatch":true,"imageMatch":true,"failureReason":null,"finalUrl":"https://4910.kr/desktop/goods/44678113"}
[21:26:32] LIVE_COMPARE_BEGIN 4910 2 https://4910.kr/goods/71195041
[21:26:32] LIVE_COMPARE_RESULT {"mall":"4910","index":2,"url":"https://4910.kr/goods/71195041","elapsedMs":1946,"classification":"MATCH","engineName":"모즈모즈 [단독1+1] 무지 배색 롤업 반팔티셔츠 - 4910 | 사고 싶은 스타일의 발견","engineBrand":null,"enginePrice":47200,"engineImage":"https://d3ha2047wt6x28.cloudfront.net/YL2tLW-EPb0/pr:GOODS_DETAIL/czM6Ly9hYmx5LWltYWdlLWxlZ2FjeS9kYXRhL2dvb2RzLzIwMjYwNjE4XzE3ODE3NjU3OTQ1MzAyMDJtLmpwZw","liveName":"모즈모즈 [단독1+1] 무지 배색 롤업 반팔티셔츠 - 4910 | 사고 싶은 스타일의 발견","livePrice":47200,"liveImage":"https://d3ha2047wt6x28.cloudfront.net/YL2tLW-EPb0/pr:GOODS_DETAIL/czM6Ly9hYmx5LWltYWdlLWxlZ2FjeS9kYXRhL2dvb2RzLzIwMjYwNjE4XzE3ODE3NjU3OTQ1MzAyMDJtLmpwZw","nameMatch":true,"priceMatch":true,"imageMatch":true,"failureReason":null,"finalUrl":"https://4910.kr/desktop/goods/71195041"}
[21:26:32] LIVE_COMPARE_BEGIN 4910 3 https://4910.kr/goods/3954236
[21:26:32] LIVE_COMPARE_RESULT {"mall":"4910","index":3,"url":"https://4910.kr/goods/3954236","elapsedMs":1946,"classification":"PRICE","engineName":"플루크 캠퍼밴 투어 피그먼트 반팔티셔츠 FST710 / 4color W - 4910 | 사고 싶은 스타일의 발견","engineBrand":null,"enginePrice":24800,"engineImage":"https://d3ha2047wt6x28.cloudfront.net/z6T_-U60HFk/pr:GOODS_DETAIL/czM6Ly9hYmx5LWltYWdlLWxlZ2FjeS9kYXRhL2dvb2RzLzIwMjMwODA5XzE2OTE1NjQwMDAwMzI1MTZtLmpwZw","liveName":"플루크 캠퍼밴 투어 피그먼트 반팔티셔츠 FST710 / 4color W - 4910 | 사고 싶은 스타일의 발견","livePrice":20800,"liveImage":"https://d3ha2047wt6x28.cloudfront.net/z6T_-U60HFk/pr:GOODS_DETAIL/czM6Ly9hYmx5LWltYWdlLWxlZ2FjeS9kYXRhL2dvb2RzLzIwMjMwODA5XzE2OTE1NjQwMDAwMzI1MTZtLmpwZw","nameMatch":true,"priceMatch":false,"imageMatch":true,"failureReason":null,"finalUrl":"https://4910.kr/desktop/goods/3954236"}
[21:26:32] EXIT 0 4910 probe=True results=True
[21:26:32] COOLDOWN 12s before next mall
[21:26:47] RUN 나이키
[21:27:41] LIVE_COMPARE_JS_PROBE 2
[21:27:41] LIVE_COMPARE_BEGIN 나이키 1 https://www.nike.com/kr/t/acg-%EB%8F%8C%EB%A1%9C%EB%AF%B8%ED%8B%B0-%EC%BD%94%EB%93%80%EB%A1%9C%EC%9D%B4-%EC%9E%AC%ED%82%B7-6afaYkrC/IM4254-104
[21:27:41] LIVE_COMPARE_RESULT {"mall":"나이키","index":1,"url":"https://www.nike.com/kr/t/acg-%EB%8F%8C%EB%A1%9C%EB%AF%B8%ED%8B%B0-%EC%BD%94%EB%93%80%EB%A1%9C%EC%9D%B4-%EC%9E%AC%ED%82%B7-6afaYkrC/IM4254-104","elapsedMs":3003,"classification":"MATCH","engineName":"ACG 돌로미티 코듀로이 재킷","engineBrand":"Nike","enginePrice":189000,"engineImage":"https://static.nike.com/a/images/t_default/u_9ddf04c7-2a9a-4d76-add1-d15af8f0263d,c_scale,fl_relative,w_1.0,h_1.0,fl_layer_apply/02416b55-9304-42b2-95fc-12ff75aada31/AS+U+ACG+DOLOMITI+YUNNAN+CORD.png","liveName":"ACG '돌로미티' 코듀로이 재킷","livePrice":189000,"liveImage":"https://static.nike.com/a/images/t_default/u_9ddf04c7-2a9a-4d76-add1-d15af8f0263d,c_scale,fl_relative,w_1.0,h_1.0,fl_layer_apply/02416b55-9304-42b2-95fc-12ff75aada31/AS+U+ACG+DOLOMITI+YUNNAN+CORD.png","nameMatch":true,"priceMatch":true,"imageMatch":true,"failureReason":null,"finalUrl":"https://www.nike.com/kr/t/acg-%EB%8F%8C%EB%A1%9C%EB%AF%B8%ED%8B%B0-%EC%BD%94%EB%93%80%EB%A1%9C%EC%9D%B4-%EC%9E%AC%ED%82%B7-6afaYkrC/IM4254-104"}
[21:27:41] LIVE_COMPARE_BEGIN 나이키 2 https://www.nike.com/kr/t/acg-%EB%8F%8C%EB%A1%9C%EB%AF%B8%ED%8B%B0-%EC%BD%94%EB%93%80%EB%A1%9C%EC%9D%B4-%EC%87%BC%EC%B8%A0-wqfRDNM2/IM4222-104
[21:27:41] LIVE_COMPARE_RESULT {"mall":"나이키","index":2,"url":"https://www.nike.com/kr/t/acg-%EB%8F%8C%EB%A1%9C%EB%AF%B8%ED%8B%B0-%EC%BD%94%EB%93%80%EB%A1%9C%EC%9D%B4-%EC%87%BC%EC%B8%A0-wqfRDNM2/IM4222-104","elapsedMs":2598,"classification":"MATCH","engineName":"ACG 돌로미티 코듀로이 쇼츠","engineBrand":"Nike","enginePrice":115000,"engineImage":"https://static.nike.com/a/images/t_default/u_9ddf04c7-2a9a-4d76-add1-d15af8f0263d,c_scale,fl_relative,w_1.0,h_1.0,fl_layer_apply/1ca8ce9e-fa71-4dd0-a7ec-722906e781da/AS+U+ACG+DOLOMITI+YUNNAN+CRD+S.png","liveName":"ACG '돌로미티' 코듀로이 쇼츠","livePrice":115000,"liveImage":"https://static.nike.com/a/images/t_default/u_9ddf04c7-2a9a-4d76-add1-d15af8f0263d,c_scale,fl_relative,w_1.0,h_1.0,fl_layer_apply/1ca8ce9e-fa71-4dd0-a7ec-722906e781da/AS+U+ACG+DOLOMITI+YUNNAN+CRD+S.png","nameMatch":true,"priceMatch":true,"imageMatch":true,"failureReason":null,"finalUrl":"https://www.nike.com/kr/t/acg-%EB%8F%8C%EB%A1%9C%EB%AF%B8%ED%8B%B0-%EC%BD%94%EB%93%80%EB%A1%9C%EC%9D%B4-%EC%87%BC%EC%B8%A0-wqfRDNM2/IM4222-104"}
[21:27:41] LIVE_COMPARE_BEGIN 나이키 3 https://www.nike.com/kr/t/%EB%82%98%EC%9D%B4%ED%82%A4-%ED%8E%98%EA%B0%80%EC%88%98%EC%8A%A4-42-%EC%97%AC%EC%84%B1-%EB%A1%9C%EB%93%9C-%EB%9F%AC%EB%8B%9D%ED%99%94-J3FQiYIc/IB1881-106
[21:27:41] LIVE_COMPARE_RESULT {"mall":"나이키","index":3,"url":"https://www.nike.com/kr/t/%EB%82%98%EC%9D%B4%ED%82%A4-%ED%8E%98%EA%B0%80%EC%88%98%EC%8A%A4-42-%EC%97%AC%EC%84%B1-%EB%A1%9C%EB%93%9C-%EB%9F%AC%EB%8B%9D%ED%99%94-J3FQiYIc/IB1881-106","elapsedMs":2391,"classification":"MATCH","engineName":"나이키 페가수스 42 여성 로드 러닝화","engineBrand":"Nike","enginePrice":169000,"engineImage":"https://static.nike.com/a/images/t_default/u_9ddf04c7-2a9a-4d76-add1-d15af8f0263d,c_scale,fl_relative,w_1.0,h_1.0,fl_layer_apply/522aebea-2c93-411d-a8ef-cad78715368a/W+NIKE+AIR+ZOOM+PEGASUS+42.png","liveName":"나이키 페가수스 42 여성 로드 러닝화","livePrice":169000,"liveImage":"https://static.nike.com/a/images/t_default/u_9ddf04c7-2a9a-4d76-add1-d15af8f0263d,c_scale,fl_relative,w_1.0,h_1.0,fl_layer_apply/522aebea-2c93-411d-a8ef-cad78715368a/W+NIKE+AIR+ZOOM+PEGASUS+42.png","nameMatch":true,"priceMatch":true,"imageMatch":true,"failureReason":null,"finalUrl":"https://www.nike.com/kr/t/%EB%82%98%EC%9D%B4%ED%82%A4-%ED%8E%98%EA%B0%80%EC%88%98%EC%8A%A4-42-%EC%97%AC%EC%84%B1-%EB%A1%9C%EB%93%9C-%EB%9F%AC%EB%8B%9D%ED%99%94-J3FQiYIc/IB1881-106"}
[21:27:41] EXIT 0 나이키 probe=True results=True
[21:27:41] COOLDOWN 12s before next mall
[21:27:56] RUN SSF샵
[21:28:54] LIVE_COMPARE_JS_PROBE 2
[21:28:54] LIVE_COMPARE_BEGIN SSF샵 1 https://www.ssfshop.com/GOOD-ON/GPCX21040888339/good
[21:28:54] LIVE_COMPARE_RESULT {"mall":"SSF샵","index":1,"url":"https://www.ssfshop.com/GOOD-ON/GPCX21040888339/good","elapsedMs":4569,"classification":"PRICE","engineName":"굿온 피그먼트 다잉 베이스볼 티셔츠 - 네츄럴","engineBrand":"GOOD ON","enginePrice":70400,"engineImage":"https://img.ssfshop.com/cmd/LB_750x1000/src/https://img.ssfshop.com/goods/ORBR/21/04/08/GPCX21040888339_0_THNAIL_ORGINL_20240503185548877.jpg","liveName":"굿온 피그먼트 다잉 베이스볼 티셔츠 - 네츄럴","livePrice":63360,"liveImage":"https://img.ssfshop.com/cmd/LB_750x1000/src/https://img.ssfshop.com/goods/ORBR/21/04/08/GPCX21040888339_0_THNAIL_ORGINL_20240503185548877.jpg","nameMatch":true,"priceMatch":false,"imageMatch":true,"failureReason":null,"finalUrl":"https://www.ssfshop.com/GOOD-ON/GPCX21040888339/good"}
[21:28:54] LIVE_COMPARE_BEGIN SSF샵 2 https://www.ssfshop.com/GOOD-ON/GPCX21031513266/good
[21:28:54] LIVE_COMPARE_RESULT {"mall":"SSF샵","index":2,"url":"https://www.ssfshop.com/GOOD-ON/GPCX21031513266/good","elapsedMs":2813,"classification":"PRICE","engineName":"굿온 피그먼트 다잉 베이스볼 티셔츠 - 바나나","engineBrand":"GOOD ON","enginePrice":70400,"engineImage":"https://img.ssfshop.com/cmd/LB_750x1000/src/https://img.ssfshop.com/goods/ORBR/21/03/15/GPCX21031513266_0_ORGINL_20220708125043755.jpg","liveName":"굿온 피그먼트 다잉 베이스볼 티셔츠 - 바나나","livePrice":63360,"liveImage":"https://img.ssfshop.com/cmd/LB_750x1000/src/https://img.ssfshop.com/goods/ORBR/21/03/15/GPCX21031513266_0_ORGINL_20220708125043755.jpg","nameMatch":true,"priceMatch":false,"imageMatch":true,"failureReason":null,"finalUrl":"https://www.ssfshop.com/GOOD-ON/GPCX21031513266/good"}
[21:28:54] LIVE_COMPARE_BEGIN SSF샵 3 https://www.ssfshop.com/GOOD-ON/GPCX22072270530/good
[21:28:54] LIVE_COMPARE_RESULT {"mall":"SSF샵","index":3,"url":"https://www.ssfshop.com/GOOD-ON/GPCX22072270530/good","elapsedMs":2815,"classification":"PRICE","engineName":"굿온 피그먼트 다잉 베이스볼 티셔츠 - 세이지","engineBrand":"GOOD ON","enginePrice":70400,"engineImage":"https://img.ssfshop.com/cmd/LB_750x1000/src/https://img.ssfshop.com/goods/ORBR/22/07/22/GPCX22072270530_0_ORGINL_20230428144836311.jpg","liveName":"굿온 피그먼트 다잉 베이스볼 티셔츠 - 세이지","livePrice":63360,"liveImage":"https://img.ssfshop.com/cmd/LB_750x1000/src/https://img.ssfshop.com/goods/ORBR/22/07/22/GPCX22072270530_0_ORGINL_20230428144836311.jpg","nameMatch":true,"priceMatch":false,"imageMatch":true,"failureReason":null,"finalUrl":"https://www.ssfshop.com/GOOD-ON/GPCX22072270530/good"}
[21:28:54] EXIT 0 SSF샵 probe=True results=True
[21:28:54] DONE failed=[]
