[14:44:55] START 7 malls device=R54RB01SMVB cooldown=12s
[14:45:05] RUN 위드윤
[14:47:00] LIVE_COMPARE_JS_PROBE 2
[14:47:00] LIVE_COMPARE_BEGIN 위드윤 1 https://withyoon.com/product/detail.html?product_no=19325
[14:47:00] LIVE_COMPARE_RESULT {"mall":"위드윤","index":1,"url":"https://withyoon.com/product/detail.html?product_no=19325","elapsedMs":27219,"classification":"PRICE","engineName":"오닉 코튼 보트넥 나시","engineBrand":"루테보트넥나시","enginePrice":null,"engineImage":"https://cafe24img.poxo.com/choiwjddbs/web/product/big/202607/8c49c33503f5da4d7ff0787df0857231.webp","liveName":"오닉 코튼 보트넥 나시","livePrice":23900,"liveImage":"https://cafe24img.poxo.com/choiwjddbs/web/product/big/202607/8c49c33503f5da4d7ff0787df0857231.webp","nameMatch":true,"priceMatch":false,"imageMatch":true,"failureReason":"price_ambiguous","finalUrl":"https://withyoon.com/product/detail.html?product_no=19325"}
[14:47:00] LIVE_COMPARE_BEGIN 위드윤 2 https://withyoon.com/product/detail.html?product_no=19333
[14:47:00] LIVE_COMPARE_RESULT {"mall":"위드윤","index":2,"url":"https://withyoon.com/product/detail.html?product_no=19333","elapsedMs":16340,"classification":"MATCH","engineName":"[💛여름데일리추천] 홀터 캡내장 나시","engineBrand":"면모달홀터넥캡나시","enginePrice":19800,"engineImage":"https://cafe24img.poxo.com/choiwjddbs/web/product/big/202607/ed806c10535ebc5a4f29b59e83ceba2c.webp","liveName":"[💛여름데일리추천] 홀터 캡내장 나시","livePrice":19800,"liveImage":"https://cafe24img.poxo.com/choiwjddbs/web/product/big/202607/ed806c10535ebc5a4f29b59e83ceba2c.webp","nameMatch":true,"priceMatch":true,"imageMatch":true,"failureReason":null,"finalUrl":"https://withyoon.com/product/detail.html?product_no=19333"}
[14:47:00] LIVE_COMPARE_BEGIN 위드윤 3 https://withyoon.com/product/detail.html?product_no=19251
[14:47:00] LIVE_COMPARE_RESULT {"mall":"위드윤","index":3,"url":"https://withyoon.com/product/detail.html?product_no=19251","elapsedMs":27387,"classification":"PRICE","engineName":"<b>[🚚오늘출고]</b><Br>[🏆BestSelling][자체제작] 썸머 핀턱 와이드 슬랙스","engineBrand":"위드윤)26(여)와이드턱킹","enginePrice":null,"engineImage":"https://cafe24img.poxo.com/choiwjddbs/web/product/big/202605/c1601edebbec34fb4b84df715df98daf.webp","liveName":"[🚚오늘출고] [🏆BestSelling][자체제작] 썸머 핀턱 와이드 슬랙스","livePrice":52000,"liveImage":"https://cafe24img.poxo.com/choiwjddbs/web/product/big/202605/c1601edebbec34fb4b84df715df98daf.webp","nameMatch":true,"priceMatch":false,"imageMatch":true,"failureReason":"price_ambiguous","finalUrl":"https://withyoon.com/product/detail.html?product_no=19251"}
[14:47:00] EXIT 0 위드윤 probe=True results=True
[14:47:00] COOLDOWN 12s before next mall
[14:47:23] RUN 패션플러스
[14:48:44] LIVE_COMPARE_JS_PROBE 2
[14:48:44] LIVE_COMPARE_BEGIN 패션플러스 1 https://www.fashionplus.co.kr/goods/detail/429636922
[14:48:44] LIVE_COMPARE_RESULT {"mall":"패션플러스","index":1,"url":"https://www.fashionplus.co.kr/goods/detail/429636922","elapsedMs":16361,"classification":"PRICE_IMAGE","engineName":"[신규입점 EVENT] 티셔츠ㅣ팬츠 외 1만원대부터","engineBrand":"데시레드","enginePrice":16530,"engineImage":"https://img.fashionplus.co.kr/mall/assets/product_img/564481/plg564481_FBSK5801D03_B.jpg?RS=400x536&AR=0","liveName":"[신규입점 EVENT] 티셔츠ㅣ팬츠 외 1만원대부터","livePrice":29000,"liveImage":"https://img.fashionplus.co.kr/dev_test/og_200x200.jpg","nameMatch":true,"priceMatch":false,"imageMatch":false,"failureReason":null,"finalUrl":"https://www.fashionplus.co.kr/goods/detail/429636922"}
[14:48:44] LIVE_COMPARE_BEGIN 패션플러스 2 https://www.fashionplus.co.kr/goods/detail/411701285
[14:48:44] LIVE_COMPARE_RESULT {"mall":"패션플러스","index":2,"url":"https://www.fashionplus.co.kr/goods/detail/411701285","elapsedMs":16197,"classification":"PRICE_IMAGE","engineName":"콘드로이친/오메가 방송특가 딜","engineBrand":"닥터린","enginePrice":45000,"engineImage":"https://img.fashionplus.co.kr/mall/assets/product_img/637924/plg637924_43199390_637924_B1.jpg?RS=400x536&AR=0","liveName":"콘드로이친/오메가 방송특가 딜","livePrice":164500,"liveImage":"https://img.fashionplus.co.kr/dev_test/og_200x200.jpg","nameMatch":true,"priceMatch":false,"imageMatch":false,"failureReason":null,"finalUrl":"https://www.fashionplus.co.kr/goods/detail/411701285"}
[14:48:44] LIVE_COMPARE_BEGIN 패션플러스 3 https://www.fashionplus.co.kr/goods/detail/319807873
[14:48:44] LIVE_COMPARE_RESULT {"mall":"패션플러스","index":3,"url":"https://www.fashionplus.co.kr/goods/detail/319807873","elapsedMs":16213,"classification":"PRICE_IMAGE","engineName":"유한킴벌리 BEST 화장지 외 생필품 모음전","engineBrand":"크리넥스","enginePrice":9330,"engineImage":"https://img.fashionplus.co.kr/mall/assets/product_img/55397/plg55397_11040594_0215901_2PACK_B.jpg?RS=400x536&AR=0","liveName":"유한킴벌리 BEST 화장지 외 생필품 모음전","livePrice":20800,"liveImage":"https://img.fashionplus.co.kr/dev_test/og_200x200.jpg","nameMatch":true,"priceMatch":false,"imageMatch":false,"failureReason":null,"finalUrl":"https://www.fashionplus.co.kr/goods/detail/319807873"}
[14:48:44] EXIT 0 패션플러스 probe=True results=True
[14:48:44] COOLDOWN 12s before next mall
[14:49:07] RUN 프롬비기닝
[14:50:46] LIVE_COMPARE_JS_PROBE 2
[14:50:46] LIVE_COMPARE_BEGIN 프롬비기닝 1 https://frombeginning.co.kr/product/detail.html?product_no=22012
[14:50:46] LIVE_COMPARE_RESULT {"mall":"프롬비기닝","index":1,"url":"https://frombeginning.co.kr/product/detail.html?product_no=22012","elapsedMs":16058,"classification":"PRICE","engineName":"[MADE]페이퍼 후드 바람막이 점퍼","engineBrand":"프롬비기닝","enginePrice":64000,"engineImage":"https://ecimg.cafe24img.com/pg1985b57457872046/frombegining/web/product/big/20260810/c7afff9b16e97d72afc2a73b2e1198a6.gif","liveName":"[MADE]페이퍼 후드 바람막이 점퍼","livePrice":80000,"liveImage":"https://ecimg.cafe24img.com/pg1985b57457872046/frombegining/web/product/big/20260810/c7afff9b16e97d72afc2a73b2e1198a6.gif","nameMatch":true,"priceMatch":false,"imageMatch":true,"failureReason":null,"finalUrl":"https://frombeginning.co.kr/product/detail.html?product_no=22012"}
[14:50:46] LIVE_COMPARE_BEGIN 프롬비기닝 2 https://frombeginning.co.kr/product/detail.html?product_no=22023
[14:50:46] LIVE_COMPARE_RESULT {"mall":"프롬비기닝","index":2,"url":"https://frombeginning.co.kr/product/detail.html?product_no=22023","elapsedMs":16170,"classification":"PRICE","engineName":"보트넥 셔링 롱슬리브 티셔츠","engineBrand":"프롬비기닝","enginePrice":31200,"engineImage":"https://ecimg.cafe24img.com/pg1985b57457872046/frombegining/web/product/big/20260807/a5d68111d7ff6a08ed006a54e4dad302.gif","liveName":"보트넥 셔링 롱슬리브 티셔츠","livePrice":39000,"liveImage":"https://ecimg.cafe24img.com/pg1985b57457872046/frombegining/web/product/big/20260807/a5d68111d7ff6a08ed006a54e4dad302.gif","nameMatch":true,"priceMatch":false,"imageMatch":true,"failureReason":null,"finalUrl":"https://frombeginning.co.kr/product/detail.html?product_no=22023"}
[14:50:46] LIVE_COMPARE_BEGIN 프롬비기닝 3 https://frombeginning.co.kr/product/detail.html?product_no=21574
[14:50:46] LIVE_COMPARE_RESULT {"mall":"프롬비기닝","index":3,"url":"https://frombeginning.co.kr/product/detail.html?product_no=21574","elapsedMs":27138,"classification":"PRICE_IMAGE","engineName":"[긴팔/반팔]레이어 버튼 브이 니트","engineBrand":"프롬비기닝","enginePrice":null,"engineImage":"https://ecimg.cafe24img.com/pg1985b57457872046/frombegining/web/product/big/20260819/5fb915baa5bac76b2ad8e0312d7fb993.gif","liveName":"레이어 버튼 브이 반팔 니트","livePrice":45000,"liveImage":"https://ecimg.cafe24img.com/pg1985b57457872046/frombegining/web/product/big/20260706/436c8f29a2b30570374aacf3a4f75753.gif","nameMatch":true,"priceMatch":false,"imageMatch":false,"failureReason":"price_ambiguous","finalUrl":"https://frombeginning.co.kr/product/detail.html?product_no=21574"}
[14:50:46] EXIT 0 프롬비기닝 probe=True results=True
[14:50:46] COOLDOWN 12s before next mall
[14:51:09] RUN 나이키
[14:52:39] LIVE_COMPARE_JS_PROBE 2
[14:52:39] LIVE_COMPARE_BEGIN 나이키 1 https://www.nike.com/kr/t/acg-%EB%8F%8C%EB%A1%9C%EB%AF%B8%ED%8B%B0-%EC%BD%94%EB%93%80%EB%A1%9C%EC%9D%B4-%EC%9E%AC%ED%82%B7-6afaYkrC/IM4254-104
[14:52:39] LIVE_COMPARE_RESULT {"mall":"나이키","index":1,"url":"https://www.nike.com/kr/t/acg-%EB%8F%8C%EB%A1%9C%EB%AF%B8%ED%8B%B0-%EC%BD%94%EB%93%80%EB%A1%9C%EC%9D%B4-%EC%9E%AC%ED%82%B7-6afaYkrC/IM4254-104","elapsedMs":16358,"classification":"PRICE","engineName":"ACG '돌로미티' 코듀로이 재킷","engineBrand":null,"enginePrice":189000,"engineImage":"https://static.nike.com/a/images/t_default/u_9ddf04c7-2a9a-4d76-add1-d15af8f0263d,c_scale,fl_relative,w_1.0,h_1.0,fl_layer_apply/02416b55-9304-42b2-95fc-12ff75aada31/AS+U+ACG+DOLOMITI+YUNNAN+CORD.png","liveName":"ACG '돌로미티' 코듀로이 재킷","livePrice":99000,"liveImage":"https://static.nike.com/a/images/t_default/u_9ddf04c7-2a9a-4d76-add1-d15af8f0263d,c_scale,fl_relative,w_1.0,h_1.0,fl_layer_apply/02416b55-9304-42b2-95fc-12ff75aada31/AS+U+ACG+DOLOMITI+YUNNAN+CORD.png","nameMatch":true,"priceMatch":false,"imageMatch":true,"failureReason":null,"finalUrl":"https://www.nike.com/kr/t/acg-%EB%8F%8C%EB%A1%9C%EB%AF%B8%ED%8B%B0-%EC%BD%94%EB%93%80%EB%A1%9C%EC%9D%B4-%EC%9E%AC%ED%82%B7-6afaYkrC/IM4254-104"}
[14:52:39] LIVE_COMPARE_BEGIN 나이키 2 https://www.nike.com/kr/t/acg-%EB%8F%8C%EB%A1%9C%EB%AF%B8%ED%8B%B0-%EC%BD%94%EB%93%80%EB%A1%9C%EC%9D%B4-%EC%87%BC%EC%B8%A0-wqfRDNM2/IM4222-104
[14:52:39] LIVE_COMPARE_RESULT {"mall":"나이키","index":2,"url":"https://www.nike.com/kr/t/acg-%EB%8F%8C%EB%A1%9C%EB%AF%B8%ED%8B%B0-%EC%BD%94%EB%93%80%EB%A1%9C%EC%9D%B4-%EC%87%BC%EC%B8%A0-wqfRDNM2/IM4222-104","elapsedMs":16387,"classification":"PRICE","engineName":"ACG '돌로미티' 코듀로이 쇼츠","engineBrand":null,"enginePrice":115000,"engineImage":"https://static.nike.com/a/images/t_default/u_9ddf04c7-2a9a-4d76-add1-d15af8f0263d,c_scale,fl_relative,w_1.0,h_1.0,fl_layer_apply/1ca8ce9e-fa71-4dd0-a7ec-722906e781da/AS+U+ACG+DOLOMITI+YUNNAN+CRD+S.png","liveName":"ACG '돌로미티' 코듀로이 쇼츠","livePrice":65000,"liveImage":"https://static.nike.com/a/images/t_default/u_9ddf04c7-2a9a-4d76-add1-d15af8f0263d,c_scale,fl_relative,w_1.0,h_1.0,fl_layer_apply/1ca8ce9e-fa71-4dd0-a7ec-722906e781da/AS+U+ACG+DOLOMITI+YUNNAN+CRD+S.png","nameMatch":true,"priceMatch":false,"imageMatch":true,"failureReason":null,"finalUrl":"https://www.nike.com/kr/t/acg-%EB%8F%8C%EB%A1%9C%EB%AF%B8%ED%8B%B0-%EC%BD%94%EB%93%80%EB%A1%9C%EC%9D%B4-%EC%87%BC%EC%B8%A0-wqfRDNM2/IM4222-104"}
[14:52:39] LIVE_COMPARE_BEGIN 나이키 3 https://www.nike.com/kr/t/%EB%82%98%EC%9D%B4%ED%82%A4-%ED%8E%98%EA%B0%80%EC%88%98%EC%8A%A4-42-%EC%97%AC%EC%84%B1-%EB%A1%9C%EB%93%9C-%EB%9F%AC%EB%8B%9D%ED%99%94-J3FQiYIc/IB1881-106
[14:52:39] LIVE_COMPARE_RESULT {"mall":"나이키","index":3,"url":"https://www.nike.com/kr/t/%EB%82%98%EC%9D%B4%ED%82%A4-%ED%8E%98%EA%B0%80%EC%88%98%EC%8A%A4-42-%EC%97%AC%EC%84%B1-%EB%A1%9C%EB%93%9C-%EB%9F%AC%EB%8B%9D%ED%99%94-J3FQiYIc/IB1881-106","elapsedMs":16387,"classification":"MATCH","engineName":"나이키 페가수스 42 여성 로드 러닝화","engineBrand":null,"enginePrice":169000,"engineImage":"https://static.nike.com/a/images/t_default/u_9ddf04c7-2a9a-4d76-add1-d15af8f0263d,c_scale,fl_relative,w_1.0,h_1.0,fl_layer_apply/522aebea-2c93-411d-a8ef-cad78715368a/W+NIKE+AIR+ZOOM+PEGASUS+42.png","liveName":"나이키 페가수스 42 여성 로드 러닝화","livePrice":169000,"liveImage":"https://static.nike.com/a/images/t_default/u_9ddf04c7-2a9a-4d76-add1-d15af8f0263d,c_scale,fl_relative,w_1.0,h_1.0,fl_layer_apply/522aebea-2c93-411d-a8ef-cad78715368a/W+NIKE+AIR+ZOOM+PEGASUS+42.png","nameMatch":true,"priceMatch":true,"imageMatch":true,"failureReason":null,"finalUrl":"https://www.nike.com/kr/t/%EB%82%98%EC%9D%B4%ED%82%A4-%ED%8E%98%EA%B0%80%EC%88%98%EC%8A%A4-42-%EC%97%AC%EC%84%B1-%EB%A1%9C%EB%93%9C-%EB%9F%AC%EB%8B%9D%ED%99%94-J3FQiYIc/IB1881-106"}
[14:52:39] EXIT 0 나이키 probe=True results=True
[14:52:39] COOLDOWN 12s before next mall
[14:53:01] RUN CJ온스타일
[14:54:41] LIVE_COMPARE_JS_PROBE 2
[14:54:41] LIVE_COMPARE_BEGIN CJ온스타일 1 https://display.cjonstyle.com/p/item/2082445074?channelCode=30002002
[14:54:41] LIVE_COMPARE_RESULT {"mall":"CJ온스타일","index":1,"url":"https://display.cjonstyle.com/p/item/2082445074?channelCode=30002002","elapsedMs":16167,"classification":"PRICE","engineName":"PRE-FALL 실크100 쉬머 레이어드 스카프","engineBrand":"바니스뉴욕","enginePrice":169000,"engineImage":"https://itemimage.cjonstyle.net/goods_images/20/074/2082445074L.jpg?timestamp=202608201450","liveName":"[론칭] PRE-FALL 실크100 쉬머 레이어드 스카프","livePrice":129000,"liveImage":"http://itemimage.cjonstyle.net/goods_images/20/074/2082445074L.jpg","nameMatch":true,"priceMatch":false,"imageMatch":true,"failureReason":null,"finalUrl":"https://display.cjonstyle.com/p/item/2082445074?channelCode=30002002"}
[14:54:41] LIVE_COMPARE_BEGIN CJ온스타일 2 https://display.cjonstyle.com/p/item/2070029628?channelCode=30002002
[14:54:41] LIVE_COMPARE_RESULT {"mall":"CJ온스타일","index":2,"url":"https://display.cjonstyle.com/p/item/2070029628?channelCode=30002002","elapsedMs":27450,"classification":"PRICE","engineName":"최신상 배종옥 레몬꿀팩 레몬허니워시오프팩 6통+타올1매","engineBrand":"라비오라","enginePrice":null,"engineImage":"https://itemimage.cjonstyle.net/goods_images/20/628/2070029628L.jpg?timestamp=202608201450","liveName":"최신상 배종옥 레몬꿀팩 레몬허니워시오프팩 6통+타올1매","livePrice":99000,"liveImage":"http://itemimage.cjonstyle.net/goods_images/20/628/2070029628L.jpg","nameMatch":true,"priceMatch":false,"imageMatch":true,"failureReason":"price_ambiguous","finalUrl":"https://display.cjonstyle.com/p/item/2070029628?channelCode=30002002"}
[14:54:41] LIVE_COMPARE_BEGIN CJ온스타일 3 https://display.cjonstyle.com/p/item/2018074756?channelCode=30002002
[14:54:41] LIVE_COMPARE_RESULT {"mall":"CJ온스타일","index":3,"url":"https://display.cjonstyle.com/p/item/2018074756?channelCode=30002002","elapsedMs":16298,"classification":"MATCH","engineName":"신라명과 호밀빵 430g 3봉","engineBrand":"맛있는家","enginePrice":15500,"engineImage":"https://itemimage.cjonstyle.net/goods_images/20/756/2018074756L.jpg?timestamp=202608201450","liveName":"신라명과 호밀빵 430g 3봉","livePrice":15500,"liveImage":"http://itemimage.cjonstyle.net/goods_images/20/756/2018074756L.jpg","nameMatch":true,"priceMatch":true,"imageMatch":true,"failureReason":null,"finalUrl":"https://display.cjonstyle.com/p/item/2018074756?channelCode=30002002"}
[14:54:41] EXIT 0 CJ온스타일 probe=True results=True
[14:54:41] COOLDOWN 12s before next mall
[14:55:04] RUN 4910
[14:56:07] EXIT 1 4910 probe=False results=False
[14:56:07] COOLDOWN 12s before next mall
[14:56:29] RUN SSF샵
[15:02:29] TIMEOUT SSF샵 (>360s)
[15:02:29] DONE failed=['4910', 'SSF샵']
