[14:38:06] START 9 malls device=R54RB01SMVB cooldown=12s
[14:38:17] RUN 앤더슨벨
[14:39:54] LIVE_COMPARE_JS_PROBE 2
[14:39:54] LIVE_COMPARE_BEGIN 앤더슨벨 1 https://www.anderssonbell.com/product/detail.html?product_no=10279
[14:39:54] LIVE_COMPARE_RESULT {"mall":"앤더슨벨","index":1,"url":"https://www.anderssonbell.com/product/detail.html?product_no=10279","elapsedMs":16248,"classification":"MATCH","engineName":"DENIM TROMPE L`OEIL PLEATS LONG SKIRT apa766w(BLUE)","engineBrand":"anderssonbell","enginePrice":548000,"engineImage":"https://www.anderssonbell.com/web/product/big/202508/706e61a33cb004e663baac606c0f21a6.jpg","liveName":"DENIM TROMPE L`OEIL PLEATS LONG SKIRT apa766w(BLUE)","livePrice":548000,"liveImage":"https://www.anderssonbell.com/web/product/big/202508/706e61a33cb004e663baac606c0f21a6.jpg","nameMatch":true,"priceMatch":true,"imageMatch":true,"failureReason":null,"finalUrl":"https://www.anderssonbell.com/product/detail.html?product_no=10279"}
[14:39:54] LIVE_COMPARE_BEGIN 앤더슨벨 2 https://www.anderssonbell.com/product/detail.html?product_no=10277
[14:39:54] LIVE_COMPARE_RESULT {"mall":"앤더슨벨","index":2,"url":"https://www.anderssonbell.com/product/detail.html?product_no=10277","elapsedMs":27397,"classification":"NAME_PRICE_IMAGE","engineName":"앤더슨벨","engineBrand":null,"enginePrice":null,"engineImage":"https://www.anderssonbell.com/web/anderssonbell/logo/logo.svg","liveName":"EMBROIDERY PADDED SKIRT apa764w(D/BROWN)","livePrice":335000,"liveImage":"https://www.anderssonbell.com/web/product/big/202508/6b874e14ca71c0e1b8407fdc15c26acc.jpg","nameMatch":false,"priceMatch":false,"imageMatch":false,"failureReason":"not_product_page","finalUrl":"https://www.anderssonbell.com/"}
[14:39:54] LIVE_COMPARE_BEGIN 앤더슨벨 3 https://www.anderssonbell.com/product/detail.html?product_no=10018
[14:39:54] LIVE_COMPARE_RESULT {"mall":"앤더슨벨","index":3,"url":"https://www.anderssonbell.com/product/detail.html?product_no=10018","elapsedMs":16306,"classification":"MATCH","engineName":"DENIM COMBO RACING LEATHER SKIRTS apa704w(BROWN)","engineBrand":"anderssonbell","enginePrice":395000,"engineImage":"https://www.anderssonbell.com/web/product/big/202508/e1261775cac1a1bdf36e2725fab8a6c9.jpg","liveName":"DENIM COMBO RACING LEATHER SKIRTS apa704w(BROWN)","livePrice":395000,"liveImage":"https://www.anderssonbell.com/web/product/big/202508/e1261775cac1a1bdf36e2725fab8a6c9.jpg","nameMatch":true,"priceMatch":true,"imageMatch":true,"failureReason":null,"finalUrl":"https://www.anderssonbell.com/product/detail.html?product_no=10018"}
[14:39:54] EXIT 0 앤더슨벨 probe=True results=True
[14:39:54] COOLDOWN 12s before next mall
[14:40:17] RUN 예일
[14:41:54] LIVE_COMPARE_JS_PROBE 2
[14:41:54] LIVE_COMPARE_BEGIN 예일 1 https://yaleapparel.co.kr/product/detail.html?product_no=18328
[14:41:54] LIVE_COMPARE_RESULT {"mall":"예일","index":1,"url":"https://yaleapparel.co.kr/product/detail.html?product_no=18328","elapsedMs":16181,"classification":"MATCH","engineName":"체크 투톤아치 티셔츠_라이트 그레이","engineBrand":"Yale","enginePrice":25900,"engineImage":"https://yaleapparel.co.kr/web/product/big/202604/e15657e2c7d81d50d15d5d9b1a6c5220.jpg","liveName":"체크 투톤아치 티셔츠_라이트 그레이","livePrice":25900,"liveImage":"https://yaleapparel.co.kr/web/product/big/202604/e15657e2c7d81d50d15d5d9b1a6c5220.jpg","nameMatch":true,"priceMatch":true,"imageMatch":true,"failureReason":null,"finalUrl":"https://yaleapparel.co.kr/product/detail.html?product_no=18328"}
[14:41:54] LIVE_COMPARE_BEGIN 예일 2 https://yaleapparel.co.kr/product/detail.html?product_no=18538
[14:41:54] LIVE_COMPARE_RESULT {"mall":"예일","index":2,"url":"https://yaleapparel.co.kr/product/detail.html?product_no=18538","elapsedMs":16327,"classification":"MATCH","engineName":"[SET] 우먼즈 크롭 아플리케 반팔티셔츠 + 우먼즈 아플리케 숏팬츠","engineBrand":"Yale","enginePrice":88000,"engineImage":"https://yaleapparel.co.kr/web/product/big/202606/6793a7cfb36ae9579c1dcc11c2c52e59.jpg","liveName":"[SET] 우먼즈 크롭 아플리케 반팔티셔츠 + 우먼즈 아플리케 숏팬츠","livePrice":88000,"liveImage":"https://yaleapparel.co.kr/web/product/big/202606/6793a7cfb36ae9579c1dcc11c2c52e59.jpg","nameMatch":true,"priceMatch":true,"imageMatch":true,"failureReason":null,"finalUrl":"https://yaleapparel.co.kr/product/detail.html?product_no=18538"}
[14:41:54] LIVE_COMPARE_BEGIN 예일 3 https://yaleapparel.co.kr/product/detail.html?product_no=18534
[14:41:54] LIVE_COMPARE_RESULT {"mall":"예일","index":3,"url":"https://yaleapparel.co.kr/product/detail.html?product_no=18534","elapsedMs":16183,"classification":"MATCH","engineName":"[1+1] 체크 투톤아치 티셔츠 + 우먼즈 시어서커 체크 투톤 아치 티셔츠","engineBrand":"Yale","enginePrice":99800,"engineImage":"https://yaleapparel.co.kr/web/product/big/202606/31db2eb67a4e1f3165f0e9879df9ca11.jpg","liveName":"[1+1] 체크 투톤아치 티셔츠 + 우먼즈 시어서커 체크 투톤 아치 티셔츠","livePrice":99800,"liveImage":"https://yaleapparel.co.kr/web/product/big/202606/31db2eb67a4e1f3165f0e9879df9ca11.jpg","nameMatch":true,"priceMatch":true,"imageMatch":true,"failureReason":null,"finalUrl":"https://yaleapparel.co.kr/product/detail.html?product_no=18534"}
[14:41:54] EXIT 0 예일 probe=True results=True
[14:41:54] COOLDOWN 12s before next mall
[14:42:17] RUN 위드윤
[14:44:31] LIVE_COMPARE_JS_PROBE 2
[14:44:31] LIVE_COMPARE_BEGIN 위드윤 1 https://withyoon.com/product/detail.html?product_no=19325
[14:44:31] LIVE_COMPARE_RESULT {"mall":"위드윤","index":1,"url":"https://withyoon.com/product/detail.html?product_no=19325","elapsedMs":27263,"classification":"PRICE","engineName":"오닉 코튼 보트넥 나시","engineBrand":"루테보트넥나시","enginePrice":null,"engineImage":"https://cafe24img.poxo.com/choiwjddbs/web/product/big/202607/8c49c33503f5da4d7ff0787df0857231.webp","liveName":"오닉 코튼 보트넥 나시","livePrice":23900,"liveImage":"https://cafe24img.poxo.com/choiwjddbs/web/product/big/202607/8c49c33503f5da4d7ff0787df0857231.webp","nameMatch":true,"priceMatch":false,"imageMatch":true,"failureReason":"price_ambiguous","finalUrl":"https://withyoon.com/product/detail.html?product_no=19325"}
[14:44:31] LIVE_COMPARE_BEGIN 위드윤 2 https://withyoon.com/product/detail.html?product_no=19333
