Resolving dependencies...
Downloading packages...
  flutter_lints 5.0.0 (6.0.0 available)
  flutter_local_notifications 19.5.0 (22.3.0 available)
  flutter_local_notifications_linux 6.0.0 (8.0.1 available)
  flutter_local_notifications_platform_interface 9.1.0 (12.2.0 available)
  flutter_local_notifications_windows 1.0.3 (3.1.1 available)
  go_router 17.3.0 (17.5.0 available)
  google_fonts 6.3.3 (8.2.1 available)
  hooks 2.0.2 (2.1.0 available)
  lints 5.1.1 (6.1.0 available)
  matcher 0.12.19 (0.12.20 available)
  material_color_utilities 0.13.0 (0.13.1 available)
  meta 1.18.0 (1.19.0 available)
  receive_sharing_intent 1.8.1 (1.9.0 available)
  record_use 0.6.0 (1.1.0 available)
  test_api 0.7.11 (0.7.13 available)
  timezone 0.10.1 (0.11.1 available)
  vector_math 2.2.0 (2.4.2 available)
  xml 6.6.1 (7.0.1 available)
Got dependencies!
18 packages have newer versions incompatible with dependency constraints.
Try `flutter pub outdated` for more information.
00:00 +0: loading /Users/bonajieun/Developer/2026-softstudio-project/wishlist-appversion2/flutter_app/integration_test/webview_all_malls_audit_test.dart
The following plugins do not support Swift Package Manager for ios:
  - flutter_inappwebview_ios
  - receive_sharing_intent
This will become an error in a future version of Flutter. Please contact the plugin maintainers to request Swift Package Manager adoption.
Running pod install...                                           1,927ms
Running Xcode build...                                          
Xcode build done.                                           112.7s
00:00 +0: 64개 등록 쇼핑몰 Android WebView 대표 상품 감사
WEBVIEW_JS_PROBE 2.0
WEBVIEW_AUDIT_BEGIN 56 퀸잇
WEBVIEW_AUDIT_RESULT {"index":56,"mall":"퀸잇","url":"https://web.queenit.kr/product/421b849e05731238976b9f01d96c7e31","expectedAbstain":false,"timedOut":false,"classification":"PASS","elapsedMs":16260,"name":"[M,L 사이즈/벨트세트]반팔 데님 원피스(하객룩, 하객원피스)","image":"https://image.queenit.kr/product/asset/v1/upload/04120430d08047c38524a66065b43ca2.jpg","price":32900,"originalPrice":99000,"adapter":"queenit","purchasePriceStatus":"confirmed","priceConfidence":"medium","availability":"available","optionDependent":false,"optionPriceMin":null,"optionPriceMax":null,"blocked":false,"failureReason":null,"looksLikeProductPage":true,"hasJsonLd":true,"finalUrl":"https://web.queenit.kr/product/421b849e05731238976b9f01d96c7e31","source":{"name":"json-ld","price":"site-adapter","image":"json-ld","brand":"json-ld","adapter":"queenit","field":"product.finalPrice"}}
WEBVIEW_AUDIT_BEGIN 57 브랜디
WEBVIEW_AUDIT_RESULT {"index":57,"mall":"브랜디","url":"https://www.brandi.co.kr/products/158997563","expectedAbstain":false,"timedOut":false,"classification":"PASS","elapsedMs":15381,"name":"[자체제작]데이트/하객룩 고급스러운 페미닌룩 튤립 펠리스 원피스 | 34,500원 | 브랜디","image":"https://image.brandi.co.kr/cproduct/BRANDI/2025/05/29/4f9ce880-947d-418f-b196-5ce5d018610a/SB000000000153987406_1748503760_image1_S.webp","price":34500,"originalPrice":50000,"adapter":"brandi","purchasePriceStatus":"confirmed","priceConfidence":"medium","availability":"available","optionDependent":false,"optionPriceMin":null,"optionPriceMax":null,"blocked":false,"failureReason":null,"looksLikeProductPage":true,"hasJsonLd":false,"finalUrl":"https://www.brandi.co.kr/products/158997563","source":{"name":"og","price":"site-adapter","image":"og","brand":null,"adapter":"brandi","field":"prefetch-data.data.sale_price"}}
00:35 +1: (tearDownAll)
00:35 +1: All tests passed!
