Resolving dependencies...
Downloading packages...
  flutter_lints 5.0.0 (6.0.0 available)
  flutter_local_notifications 19.5.0 (22.3.0 available)
  flutter_local_notifications_linux 6.0.0 (8.0.1 available)
  flutter_local_notifications_platform_interface 9.1.0 (12.2.0 available)
  flutter_local_notifications_windows 1.0.3 (3.1.1 available)
  go_router 17.3.0 (17.5.0 available)
  google_fonts 6.3.3 (8.2.1 available)
  hooks 2.0.2 (2.1.0 available)
  lints 5.1.1 (6.1.0 available)
  matcher 0.12.19 (0.12.20 available)
  material_color_utilities 0.13.0 (0.13.1 available)
  meta 1.18.0 (1.19.0 available)
  receive_sharing_intent 1.8.1 (1.9.0 available)
  record_use 0.6.0 (1.1.0 available)
  test_api 0.7.11 (0.7.13 available)
  timezone 0.10.1 (0.11.1 available)
  vector_math 2.2.0 (2.4.2 available)
  xml 6.6.1 (7.0.1 available)
Got dependencies!
18 packages have newer versions incompatible with dependency constraints.
Try `flutter pub outdated` for more information.
00:00 +0: loading /Users/bonajieun/Developer/2026-softstudio-project/wishlist-appversion2/flutter_app/integration_test/webview_all_malls_audit_test.dart
The following plugins do not support Swift Package Manager for ios:
  - flutter_inappwebview_ios
  - receive_sharing_intent
This will become an error in a future version of Flutter. Please contact the plugin maintainers to request Swift Package Manager adoption.
Running Xcode build...                                          
Xcode build done.                                           53.7s
00:00 +0: 64개 등록 쇼핑몰 Android WebView 대표 상품 감사
WEBVIEW_JS_PROBE 2.0
WEBVIEW_AUDIT_BEGIN 33 코드그라피
WEBVIEW_AUDIT_RESULT {"index":33,"mall":"코드그라피","url":"https://code-graphy.com/product/detail.html?product_no=6388","expectedAbstain":false,"timedOut":false,"classification":"PASS","elapsedMs":15835,"name":"버뮤다 카펜터 코튼 팬츠_베이지","image":"https://cafe24.poxo.com/ec01/cgraphy/nDa3+VeoMR5vyddRVokF8ltOczmmZefMqiQFCv903NO3uqDUY03GsJUYRdWtWSXw916shfsw86QFrSvagfRRrA==/_/web/product/big/202504/e3986480c1dc868d19a4a44b2c3861cb.jpg","price":70300,"originalPrice":74000,"adapter":"codegraphy","purchasePriceStatus":"confirmed","priceConfidence":"medium","availability":"available","optionDependent":false,"optionPriceMin":null,"optionPriceMax":null,"blocked":false,"failureReason":null,"looksLikeProductPage":true,"hasJsonLd":true,"finalUrl":"https://code-graphy.com/product/detail.html?product_no=6388","source":{"name":"json-ld","price":"site-adapter","image":"json-ld","brand":"json-ld","adapter":"codegraphy","field":"Product.offers[InStock].price / product:sale_price:amount"}}
WEBVIEW_AUDIT_BEGIN 34 후아유
WEBVIEW_AUDIT_RESULT {"index":34,"mall":"후아유","url":"https://whoau.com/product/detail.html?product_no=4852","expectedAbstain":false,"timedOut":false,"classification":"PASS","elapsedMs":15628,"name":"USA Printing T-shirt","image":"https://cafe24.poxo.com/ec01/whoaukr/3JPAsJn/jGkesyYvH/tEacJ//FpiOmI0G0IBVoMAo1XCOUL3mT6Caj09FWLKVeGQ1kJx/IhRfpWw9NNnns5vjA==/_/web/product/big/202605/1abcbd56ea4c53df7a822552aaac74f5.jpg","price":19900,"originalPrice":25900,"adapter":"whoau","purchasePriceStatus":"confirmed","priceConfidence":"medium","availability":"available","optionDependent":false,"optionPriceMin":null,"optionPriceMax":null,"blocked":false,"failureReason":null,"looksLikeProductPage":true,"hasJsonLd":true,"finalUrl":"https://whoau.com/product/detail.html?product_no=4852","source":{"name":"json-ld","price":"site-adapter","image":"json-ld","brand":"json-ld","adapter":"whoau","field":"Product.offers[InStock].price / product:sale_price:amount"}}
00:34 +1: (tearDownAll)
00:35 +1: All tests passed!
