Resolving dependencies...
Downloading packages...
  flutter_lints 5.0.0 (6.0.0 available)
  flutter_local_notifications 19.5.0 (22.3.0 available)
  flutter_local_notifications_linux 6.0.0 (8.0.1 available)
  flutter_local_notifications_platform_interface 9.1.0 (12.2.0 available)
  flutter_local_notifications_windows 1.0.3 (3.1.1 available)
  go_router 17.3.0 (17.5.0 available)
  google_fonts 6.3.3 (8.2.1 available)
  hooks 2.0.2 (2.1.0 available)
  lints 5.1.1 (6.1.0 available)
  matcher 0.12.19 (0.12.20 available)
  material_color_utilities 0.13.0 (0.13.1 available)
  meta 1.18.0 (1.19.0 available)
  receive_sharing_intent 1.8.1 (1.9.0 available)
  record_use 0.6.0 (1.1.0 available)
  test_api 0.7.11 (0.7.13 available)
  timezone 0.10.1 (0.11.1 available)
  vector_math 2.2.0 (2.4.2 available)
  xml 6.6.1 (7.0.1 available)
Got dependencies!
18 packages have newer versions incompatible with dependency constraints.
Try `flutter pub outdated` for more information.
00:00 +0: loading /Users/bonajieun/Developer/2026-softstudio-project/wishlist-appversion2/flutter_app/integration_test/webview_all_malls_audit_test.dart
The following plugins do not support Swift Package Manager for ios:
  - flutter_inappwebview_ios
  - receive_sharing_intent
This will become an error in a future version of Flutter. Please contact the plugin maintainers to request Swift Package Manager adoption.
Running Xcode build...                                          
Xcode build done.                                           53.5s
00:00 +0: 64개 등록 쇼핑몰 Android WebView 대표 상품 감사
WEBVIEW_JS_PROBE 2.0
WEBVIEW_AUDIT_BEGIN 10 탑텐
WEBVIEW_AUDIT_RESULT {"index":10,"mall":"탑텐","url":"https://topten10.goodwearmall.com/product/MSG2UL2205NVP/detail","expectedAbstain":false,"timedOut":false,"classification":"PASS","elapsedMs":15817,"name":"여성) 코튼 립 브라탑","image":"https://img.goodwearmall.com/goods/MSG2UL/MSG2UL2205NVP_M.jpg","price":19900,"originalPrice":29900,"adapter":"topten","purchasePriceStatus":"confirmed","priceConfidence":"high","availability":"available","optionDependent":null,"optionPriceMin":null,"optionPriceMax":null,"blocked":false,"failureReason":null,"looksLikeProductPage":true,"hasJsonLd":true,"finalUrl":"https://topten10.goodwearmall.com/product/MSG2UL2205NVP/detail","source":{"name":"json-ld","price":"site-adapter","image":"json-ld","brand":"json-ld","adapter":"topten","field":"Product.offers.price"}}
WEBVIEW_AUDIT_BEGIN 11 무인양품
WEBVIEW_AUDIT_RESULT {"index":11,"mall":"무인양품","url":"https://mujikorea.co.kr/products/view/1005531","expectedAbstain":false,"timedOut":false,"classification":"PASS","elapsedMs":15684,"name":"스트레치 캐미솔","image":"https://public.mujikorea.co.kr/metas/nsGaFaLffindyVDC5BACub7Tog0evl5XZ4h1LNYD.jpg","price":9900,"originalPrice":null,"adapter":"muji","purchasePriceStatus":"confirmed","priceConfidence":"high","availability":"available","optionDependent":null,"optionPriceMin":null,"optionPriceMax":null,"blocked":false,"failureReason":null,"looksLikeProductPage":true,"hasJsonLd":false,"finalUrl":"https://mujikorea.co.kr/products/view/1005531","source":{"name":"dom","price":"site-adapter","image":"og","brand":null,"adapter":"muji","field":"product.sell_price"}}
00:34 +1: (tearDownAll)
00:35 +1: All tests passed!
